exports[`test export-object 1`] = `
"\'use strict\';

if (typeof exports !== \'undefined\') Object.defineProperty(exports, \'babelPluginFlowReactPropTypes_proptype_Foo\', {
  value: require(\'react\').PropTypes.shape({
    a_string: require(\'prop-types\').string.isRequired
  })
});


console.log(\'test\');"
`;
