exports[`test function-with-type-annotation 1`] = `
"\"use strict\";

var C = function C(props) {};
C.propTypes = {
  bar: require(\"prop-types\").any.isRequired
};"
`;
