// Jest Snapshot v1, https://goo.gl/fbAQLP

exports[`import-entire-props-type 1`] = `
"'use strict';

function _classCallCheck(instance, Constructor) { if (!(instance instanceof Constructor)) { throw new TypeError(\\"Cannot call a class as a function\\"); } }

function _possibleConstructorReturn(self, call) { if (!self) { throw new ReferenceError(\\"this hasn't been initialised - super() hasn't been called\\"); } return call && (typeof call === \\"object\\" || typeof call === \\"function\\") ? call : self; }

function _inherits(subClass, superClass) { if (typeof superClass !== \\"function\\" && superClass !== null) { throw new TypeError(\\"Super expression must either be null or a function, not \\" + typeof superClass); } subClass.prototype = Object.create(superClass && superClass.prototype, { constructor: { value: subClass, enumerable: false, writable: true, configurable: true } }); if (superClass) Object.setPrototypeOf ? Object.setPrototypeOf(subClass, superClass) : subClass.__proto__ = superClass; }

var React = require('react');

var babelPluginFlowReactPropTypes_proptype_Props = require('./file1').babelPluginFlowReactPropTypes_proptype_Props || require('prop-types').any;

var MyComponent = function (_React$Component) {
  _inherits(MyComponent, _React$Component);

  function MyComponent() {
    _classCallCheck(this, MyComponent);

    return _possibleConstructorReturn(this, (MyComponent.__proto__ || Object.getPrototypeOf(MyComponent)).apply(this, arguments));
  }

  return MyComponent;
}(React.Component);

MyComponent.propTypes = babelPluginFlowReactPropTypes_proptype_Props;"
`;
