exports[`test indirect-jsx 1`] = `
"\"use strict\";

var C = function C(props) {
  var el = null;
  if (true) {
    el = React.createElement(\"div\", null);
  }
  return el;
};
C.propTypes = {
  name: require(\"prop-types\").string.isRequired
};"
`;
