exports[`test function-types 1`] = `
"\"use strict\";

var NotComponent = function NotComponent(x, y) {
  return x + y;
};"
`;
