exports[`test typeof 1`] = `
"\'use strict\';

var ActionTypes = {
  JUMP_TO: \'react-native/NavigationExperimental/tabs-jumpTo\'
};

if (typeof exports !== \'undefined\') Object.defineProperty(exports, \'babelPluginFlowReactPropTypes_proptype_JumpToAction\', {
  value: require(\'react\').PropTypes.shape({
    type: require(\'prop-types\').any.isRequired,
    index: require(\'prop-types\').number.isRequired
  })
});"
`;
